Archive member included to satisfy reference by file (symbol)

c:/st/stm32cubeide_1.11.2/stm32cubeide/plugins/com.st.stm32cube.ide.mcu.externaltools.gnu-tools-for-stm32.10.3-2021.10.win32_1.0.100.202210260954/tools/bin/../lib/gcc/arm-none-eabi/10.3.1/../../../../arm-none-eabi/lib/thumb/v7-m/nofp\libc_nano.a(lib_a-errno.o)
                              ./Src/syscalls.o (__errno)
c:/st/stm32cubeide_1.11.2/stm32cubeide/plugins/com.st.stm32cube.ide.mcu.externaltools.gnu-tools-for-stm32.10.3-2021.10.win32_1.0.100.202210260954/tools/bin/../lib/gcc/arm-none-eabi/10.3.1/../../../../arm-none-eabi/lib/thumb/v7-m/nofp\libc_nano.a(lib_a-exit.o)
                              c:/st/stm32cubeide_1.11.2/stm32cubeide/plugins/com.st.stm32cube.ide.mcu.externaltools.gnu-tools-for-stm32.10.3-2021.10.win32_1.0.100.202210260954/tools/bin/../lib/gcc/arm-none-eabi/10.3.1/../../../../arm-none-eabi/lib/thumb/v7-m/nofp/crt0.o (exit)
c:/st/stm32cubeide_1.11.2/stm32cubeide/plugins/com.st.stm32cube.ide.mcu.externaltools.gnu-tools-for-stm32.10.3-2021.10.win32_1.0.100.202210260954/tools/bin/../lib/gcc/arm-none-eabi/10.3.1/../../../../arm-none-eabi/lib/thumb/v7-m/nofp\libc_nano.a(lib_a-impure.o)
                              c:/st/stm32cubeide_1.11.2/stm32cubeide/plugins/com.st.stm32cube.ide.mcu.externaltools.gnu-tools-for-stm32.10.3-2021.10.win32_1.0.100.202210260954/tools/bin/../lib/gcc/arm-none-eabi/10.3.1/../../../../arm-none-eabi/lib/thumb/v7-m/nofp\libc_nano.a(lib_a-exit.o) (_global_impure_ptr)
c:/st/stm32cubeide_1.11.2/stm32cubeide/plugins/com.st.stm32cube.ide.mcu.externaltools.gnu-tools-for-stm32.10.3-2021.10.win32_1.0.100.202210260954/tools/bin/../lib/gcc/arm-none-eabi/10.3.1/../../../../arm-none-eabi/lib/thumb/v7-m/nofp\libc_nano.a(lib_a-init.o)
                              c:/st/stm32cubeide_1.11.2/stm32cubeide/plugins/com.st.stm32cube.ide.mcu.externaltools.gnu-tools-for-stm32.10.3-2021.10.win32_1.0.100.202210260954/tools/bin/../lib/gcc/arm-none-eabi/10.3.1/../../../../arm-none-eabi/lib/thumb/v7-m/nofp/crt0.o (__libc_init_array)
c:/st/stm32cubeide_1.11.2/stm32cubeide/plugins/com.st.stm32cube.ide.mcu.externaltools.gnu-tools-for-stm32.10.3-2021.10.win32_1.0.100.202210260954/tools/bin/../lib/gcc/arm-none-eabi/10.3.1/../../../../arm-none-eabi/lib/thumb/v7-m/nofp\libc_nano.a(lib_a-memset.o)
                              c:/st/stm32cubeide_1.11.2/stm32cubeide/plugins/com.st.stm32cube.ide.mcu.externaltools.gnu-tools-for-stm32.10.3-2021.10.win32_1.0.100.202210260954/tools/bin/../lib/gcc/arm-none-eabi/10.3.1/../../../../arm-none-eabi/lib/thumb/v7-m/nofp/crt0.o (memset)

Discarded input sections

 .text          0x0000000000000000        0x0 c:/st/stm32cubeide_1.11.2/stm32cubeide/plugins/com.st.stm32cube.ide.mcu.externaltools.gnu-tools-for-stm32.10.3-2021.10.win32_1.0.100.202210260954/tools/bin/../lib/gcc/arm-none-eabi/10.3.1/thumb/v7-m/nofp/crti.o
 .data          0x0000000000000000        0x0 c:/st/stm32cubeide_1.11.2/stm32cubeide/plugins/com.st.stm32cube.ide.mcu.externaltools.gnu-tools-for-stm32.10.3-2021.10.win32_1.0.100.202210260954/tools/bin/../lib/gcc/arm-none-eabi/10.3.1/thumb/v7-m/nofp/crti.o
 .bss           0x0000000000000000        0x0 c:/st/stm32cubeide_1.11.2/stm32cubeide/plugins/com.st.stm32cube.ide.mcu.externaltools.gnu-tools-for-stm32.10.3-2021.10.win32_1.0.100.202210260954/tools/bin/../lib/gcc/arm-none-eabi/10.3.1/thumb/v7-m/nofp/crti.o
 .data          0x0000000000000000        0x4 c:/st/stm32cubeide_1.11.2/stm32cubeide/plugins/com.st.stm32cube.ide.mcu.externaltools.gnu-tools-for-stm32.10.3-2021.10.win32_1.0.100.202210260954/tools/bin/../lib/gcc/arm-none-eabi/10.3.1/thumb/v7-m/nofp/crtbegin.o
 .rodata        0x0000000000000000       0x24 c:/st/stm32cubeide_1.11.2/stm32cubeide/plugins/com.st.stm32cube.ide.mcu.externaltools.gnu-tools-for-stm32.10.3-2021.10.win32_1.0.100.202210260954/tools/bin/../lib/gcc/arm-none-eabi/10.3.1/thumb/v7-m/nofp/crtbegin.o
 .text          0x0000000000000000       0x7c c:/st/stm32cubeide_1.11.2/stm32cubeide/plugins/com.st.stm32cube.ide.mcu.externaltools.gnu-tools-for-stm32.10.3-2021.10.win32_1.0.100.202210260954/tools/bin/../lib/gcc/arm-none-eabi/10.3.1/../../../../arm-none-eabi/lib/thumb/v7-m/nofp/crt0.o
 .data          0x0000000000000000        0x0 c:/st/stm32cubeide_1.11.2/stm32cubeide/plugins/com.st.stm32cube.ide.mcu.externaltools.gnu-tools-for-stm32.10.3-2021.10.win32_1.0.100.202210260954/tools/bin/../lib/gcc/arm-none-eabi/10.3.1/../../../../arm-none-eabi/lib/thumb/v7-m/nofp/crt0.o
 .bss           0x0000000000000000        0x0 c:/st/stm32cubeide_1.11.2/stm32cubeide/plugins/com.st.stm32cube.ide.mcu.externaltools.gnu-tools-for-stm32.10.3-2021.10.win32_1.0.100.202210260954/tools/bin/../lib/gcc/arm-none-eabi/10.3.1/../../../../arm-none-eabi/lib/thumb/v7-m/nofp/crt0.o
 .ARM.extab     0x0000000000000000        0x0 c:/st/stm32cubeide_1.11.2/stm32cubeide/plugins/com.st.stm32cube.ide.mcu.externaltools.gnu-tools-for-stm32.10.3-2021.10.win32_1.0.100.202210260954/tools/bin/../lib/gcc/arm-none-eabi/10.3.1/../../../../arm-none-eabi/lib/thumb/v7-m/nofp/crt0.o
 .ARM.exidx     0x0000000000000000       0x10 c:/st/stm32cubeide_1.11.2/stm32cubeide/plugins/com.st.stm32cube.ide.mcu.externaltools.gnu-tools-for-stm32.10.3-2021.10.win32_1.0.100.202210260954/tools/bin/../lib/gcc/arm-none-eabi/10.3.1/../../../../arm-none-eabi/lib/thumb/v7-m/nofp/crt0.o
 .ARM.attributes
                0x0000000000000000       0x1b c:/st/stm32cubeide_1.11.2/stm32cubeide/plugins/com.st.stm32cube.ide.mcu.externaltools.gnu-tools-for-stm32.10.3-2021.10.win32_1.0.100.202210260954/tools/bin/../lib/gcc/arm-none-eabi/10.3.1/../../../../arm-none-eabi/lib/thumb/v7-m/nofp/crt0.o
 .group         0x0000000000000000        0xc ./Src/ADC_main.o
 .group         0x0000000000000000        0xc ./Src/ADC_main.o
 .group         0x0000000000000000        0xc ./Src/ADC_main.o
 .group         0x0000000000000000        0xc ./Src/ADC_main.o
 .group         0x0000000000000000        0xc ./Src/ADC_main.o
 .text          0x0000000000000000        0x0 ./Src/ADC_main.o
 .data          0x0000000000000000        0x0 ./Src/ADC_main.o
 .bss           0x0000000000000000        0x0 ./Src/ADC_main.o
 .group         0x0000000000000000        0xc ./Src/ADC_prog.o
 .group         0x0000000000000000        0xc ./Src/ADC_prog.o
 .group         0x0000000000000000        0xc ./Src/ADC_prog.o
 .group         0x0000000000000000        0xc ./Src/ADC_prog.o
 .text          0x0000000000000000        0x0 ./Src/ADC_prog.o
 .data          0x0000000000000000        0x0 ./Src/ADC_prog.o
 .bss           0x0000000000000000        0x0 ./Src/ADC_prog.o
 .debug_macro   0x0000000000000000      0xa72 ./Src/ADC_prog.o
 .debug_macro   0x0000000000000000       0x10 ./Src/ADC_prog.o
 .debug_macro   0x0000000000000000       0x22 ./Src/ADC_prog.o
 .group         0x0000000000000000        0xc ./Src/DIO_prog.o
 .group         0x0000000000000000        0xc ./Src/DIO_prog.o
 .group         0x0000000000000000        0xc ./Src/DIO_prog.o
 .group         0x0000000000000000        0xc ./Src/DIO_prog.o
 .group         0x0000000000000000        0xc ./Src/DIO_prog.o
 .text          0x0000000000000000        0x0 ./Src/DIO_prog.o
 .data          0x0000000000000000        0x0 ./Src/DIO_prog.o
 .bss           0x0000000000000000        0x0 ./Src/DIO_prog.o
 .text.M_GPIO_void_GetPinValue
                0x0000000000000000       0x90 ./Src/DIO_prog.o
 .debug_macro   0x0000000000000000      0xa72 ./Src/DIO_prog.o
 .debug_macro   0x0000000000000000       0x10 ./Src/DIO_prog.o
 .debug_macro   0x0000000000000000       0x22 ./Src/DIO_prog.o
 .debug_macro   0x0000000000000000       0xe2 ./Src/DIO_prog.o
 .group         0x0000000000000000        0xc ./Src/EXTI_program.o
 .group         0x0000000000000000        0xc ./Src/EXTI_program.o
 .group         0x0000000000000000        0xc ./Src/EXTI_program.o
 .group         0x0000000000000000        0xc ./Src/EXTI_program.o
 .group         0x0000000000000000        0xc ./Src/EXTI_program.o
 .group         0x0000000000000000        0xc ./Src/EXTI_program.o
 .group         0x0000000000000000        0xc ./Src/EXTI_program.o
 .text          0x0000000000000000        0x0 ./Src/EXTI_program.o
 .data          0x0000000000000000        0x0 ./Src/EXTI_program.o
 .bss           0x0000000000000000        0x0 ./Src/EXTI_program.o
 .text.EXTI_voidInit
                0x0000000000000000        0xc ./Src/EXTI_program.o
 .text.EXTI_voidEnableLine
                0x0000000000000000       0x2c ./Src/EXTI_program.o
 .text.EXTI_voidDisableLine
                0x0000000000000000       0x30 ./Src/EXTI_program.o
 .text.EXTI_voidSetExtiEdge
                0x0000000000000000       0xe4 ./Src/EXTI_program.o
 .text.EXTI_voidSetCallBack
                0x0000000000000000       0x24 ./Src/EXTI_program.o
 .debug_macro   0x0000000000000000      0xa72 ./Src/EXTI_program.o
 .group         0x0000000000000000        0xc ./Src/LCD_prg.o
 .group         0x0000000000000000        0xc ./Src/LCD_prg.o
 .group         0x0000000000000000        0xc ./Src/LCD_prg.o
 .group         0x0000000000000000        0xc ./Src/LCD_prg.o
 .group         0x0000000000000000        0xc ./Src/LCD_prg.o
 .group         0x0000000000000000        0xc ./Src/LCD_prg.o
 .text          0x0000000000000000        0x0 ./Src/LCD_prg.o
 .data          0x0000000000000000        0x0 ./Src/LCD_prg.o
 .bss           0x0000000000000000        0x0 ./Src/LCD_prg.o
 .text.H_LCD_void_sendData
                0x0000000000000000       0x24 ./Src/LCD_prg.o
 .text.H_LCD_void_sendString
                0x0000000000000000       0x32 ./Src/LCD_prg.o
 .text.H_LCD_void_clear
                0x0000000000000000        0xe ./Src/LCD_prg.o
 .text.H_LCD_void_sendIntNum
                0x0000000000000000       0xc8 ./Src/LCD_prg.o
 .text.H_LCD_void_gotXY
                0x0000000000000000       0x54 ./Src/LCD_prg.o
 .text.H_LCD_void_creatCustomChar
                0x0000000000000000       0x16 ./Src/LCD_prg.o
 .text.H_LCD_void_displayCustomChar
                0x0000000000000000       0x14 ./Src/LCD_prg.o
 .debug_macro   0x0000000000000000      0xa72 ./Src/LCD_prg.o
 .debug_macro   0x0000000000000000       0x10 ./Src/LCD_prg.o
 .debug_macro   0x0000000000000000       0x22 ./Src/LCD_prg.o
 .debug_macro   0x0000000000000000       0xe2 ./Src/LCD_prg.o
 .group         0x0000000000000000        0xc ./Src/NVIC_prog.o
 .group         0x0000000000000000        0xc ./Src/NVIC_prog.o
 .group         0x0000000000000000        0xc ./Src/NVIC_prog.o
 .group         0x0000000000000000        0xc ./Src/NVIC_prog.o
 .group         0x0000000000000000        0xc ./Src/NVIC_prog.o
 .text          0x0000000000000000        0x0 ./Src/NVIC_prog.o
 .data          0x0000000000000000        0x0 ./Src/NVIC_prog.o
 .bss           0x0000000000000000        0x0 ./Src/NVIC_prog.o
 .bss.EXTI0_CallBack
                0x0000000000000000        0x4 ./Src/NVIC_prog.o
 .text.NVIC_void_Init
                0x0000000000000000       0x1c ./Src/NVIC_prog.o
 .text.NVIC_void_EnableInt
                0x0000000000000000       0x44 ./Src/NVIC_prog.o
 .text.NVIC_void_DisableInt
                0x0000000000000000       0x44 ./Src/NVIC_prog.o
 .text.NVIC_void_Enable_PendingFlag
                0x0000000000000000       0x44 ./Src/NVIC_prog.o
 .text.NVIC_void_Clr_PendingFlag
                0x0000000000000000       0x44 ./Src/NVIC_prog.o
 .text.NVIC_u8_GetActiveFlag
                0x0000000000000000       0x68 ./Src/NVIC_prog.o
 .text.NVIC_void_Set_Periority
                0x0000000000000000       0x2c ./Src/NVIC_prog.o
 .text.NVIC_voidEXTI0SetCallBack
                0x0000000000000000       0x24 ./Src/NVIC_prog.o
 .text.NVIC_voidEXTI1SetCallBack
                0x0000000000000000       0x24 ./Src/NVIC_prog.o
 .debug_macro   0x0000000000000000      0xa72 ./Src/NVIC_prog.o
 .debug_macro   0x0000000000000000       0x10 ./Src/NVIC_prog.o
 .debug_macro   0x0000000000000000       0x22 ./Src/NVIC_prog.o
 .debug_macro   0x0000000000000000       0x70 ./Src/NVIC_prog.o
 .debug_macro   0x0000000000000000       0x10 ./Src/NVIC_prog.o
 .group         0x0000000000000000        0xc ./Src/PB_prog.o
 .group         0x0000000000000000        0xc ./Src/PB_prog.o
 .group         0x0000000000000000        0xc ./Src/PB_prog.o
 .group         0x0000000000000000        0xc ./Src/PB_prog.o
 .group         0x0000000000000000        0xc ./Src/PB_prog.o
 .text          0x0000000000000000        0x0 ./Src/PB_prog.o
 .data          0x0000000000000000        0x0 ./Src/PB_prog.o
 .bss           0x0000000000000000        0x0 ./Src/PB_prog.o
 .text.PB_void_Init
                0x0000000000000000       0x1c ./Src/PB_prog.o
 .text.PB_void_GetRead
                0x0000000000000000       0x1a ./Src/PB_prog.o
 .debug_info    0x0000000000000000       0xff ./Src/PB_prog.o
 .debug_abbrev  0x0000000000000000       0x9b ./Src/PB_prog.o
 .debug_aranges
                0x0000000000000000       0x28 ./Src/PB_prog.o
 .debug_ranges  0x0000000000000000       0x18 ./Src/PB_prog.o
 .debug_macro   0x0000000000000000       0x3f ./Src/PB_prog.o
 .debug_macro   0x0000000000000000      0xa72 ./Src/PB_prog.o
 .debug_macro   0x0000000000000000       0x10 ./Src/PB_prog.o
 .debug_macro   0x0000000000000000       0x22 ./Src/PB_prog.o
 .debug_macro   0x0000000000000000       0xe2 ./Src/PB_prog.o
 .debug_macro   0x0000000000000000       0x34 ./Src/PB_prog.o
 .debug_line    0x0000000000000000       0xb0 ./Src/PB_prog.o
 .debug_str     0x0000000000000000     0x30b9 ./Src/PB_prog.o
 .comment       0x0000000000000000       0x51 ./Src/PB_prog.o
 .debug_frame   0x0000000000000000       0x50 ./Src/PB_prog.o
 .ARM.attributes
                0x0000000000000000       0x2d ./Src/PB_prog.o
 .group         0x0000000000000000        0xc ./Src/RCC_program.o
 .group         0x0000000000000000        0xc ./Src/RCC_program.o
 .group         0x0000000000000000        0xc ./Src/RCC_program.o
 .group         0x0000000000000000        0xc ./Src/RCC_program.o
 .group         0x0000000000000000        0xc ./Src/RCC_program.o
 .group         0x0000000000000000        0xc ./Src/RCC_program.o
 .text          0x0000000000000000        0x0 ./Src/RCC_program.o
 .data          0x0000000000000000        0x0 ./Src/RCC_program.o
 .bss           0x0000000000000000        0x0 ./Src/RCC_program.o
 .text.MRCC_voidDisablePerClk
                0x0000000000000000       0x88 ./Src/RCC_program.o
 .debug_macro   0x0000000000000000      0xa72 ./Src/RCC_program.o
 .debug_macro   0x0000000000000000       0x10 ./Src/RCC_program.o
 .debug_macro   0x0000000000000000       0x22 ./Src/RCC_program.o
 .debug_macro   0x0000000000000000       0x34 ./Src/RCC_program.o
 .group         0x0000000000000000        0xc ./Src/SSD_prog.o
 .group         0x0000000000000000        0xc ./Src/SSD_prog.o
 .group         0x0000000000000000        0xc ./Src/SSD_prog.o
 .group         0x0000000000000000        0xc ./Src/SSD_prog.o
 .text          0x0000000000000000        0x0 ./Src/SSD_prog.o
 .data          0x0000000000000000        0x0 ./Src/SSD_prog.o
 .bss           0x0000000000000000        0x0 ./Src/SSD_prog.o
 .debug_macro   0x0000000000000000      0xa72 ./Src/SSD_prog.o
 .debug_macro   0x0000000000000000       0x10 ./Src/SSD_prog.o
 .debug_macro   0x0000000000000000       0xe2 ./Src/SSD_prog.o
 .group         0x0000000000000000        0xc ./Src/STK_program.o
 .group         0x0000000000000000        0xc ./Src/STK_program.o
 .group         0x0000000000000000        0xc ./Src/STK_program.o
 .group         0x0000000000000000        0xc ./Src/STK_program.o
 .group         0x0000000000000000        0xc ./Src/STK_program.o
 .text          0x0000000000000000        0x0 ./Src/STK_program.o
 .data          0x0000000000000000        0x0 ./Src/STK_program.o
 .bss           0x0000000000000000        0x0 ./Src/STK_program.o
 .text.STK_voidInit
                0x0000000000000000       0x18 ./Src/STK_program.o
 .text.STK_voidSetIntervalSingle
                0x0000000000000000       0x4c ./Src/STK_program.o
 .text.STK_voidSetIntervalPeriodic
                0x0000000000000000       0x4c ./Src/STK_program.o
 .text.STK_voidStopInterval
                0x0000000000000000       0x28 ./Src/STK_program.o
 .text.STK_u32GetElapsedTime
                0x0000000000000000       0x24 ./Src/STK_program.o
 .text.STK_u32GetRemainingTime
                0x0000000000000000       0x1c ./Src/STK_program.o
 .debug_macro   0x0000000000000000      0xa72 ./Src/STK_program.o
 .debug_macro   0x0000000000000000       0x10 ./Src/STK_program.o
 .debug_macro   0x0000000000000000       0x22 ./Src/STK_program.o
 .group         0x0000000000000000        0xc ./Src/syscalls.o
 .group         0x0000000000000000        0xc ./Src/syscalls.o
 .group         0x0000000000000000        0xc ./Src/syscalls.o
 .group         0x0000000000000000        0xc ./Src/syscalls.o
 .group         0x0000000000000000        0xc ./Src/syscalls.o
 .group         0x0000000000000000        0xc ./Src/syscalls.o
 .group         0x0000000000000000        0xc ./Src/syscalls.o
 .group         0x0000000000000000        0xc ./Src/syscalls.o
 .group         0x0000000000000000        0xc ./Src/syscalls.o
 .group         0x0000000000000000        0xc ./Src/syscalls.o
 .group         0x0000000000000000        0xc ./Src/syscalls.o
 .group         0x0000000000000000        0xc ./Src/syscalls.o
 .group         0x0000000000000000        0xc ./Src/syscalls.o
 .group         0x0000000000000000        0xc ./Src/syscalls.o
 .group         0x0000000000000000        0xc ./Src/syscalls.o
 .group         0x0000000000000000        0xc ./Src/syscalls.o
 .group         0x0000000000000000        0xc ./Src/syscalls.o
 .group         0x0000000000000000        0xc ./Src/syscalls.o
 .group         0x0000000000000000        0xc ./Src/syscalls.o
 .group         0x0000000000000000        0xc ./Src/syscalls.o
 .group         0x0000000000000000        0xc ./Src/syscalls.o
 .group         0x0000000000000000        0xc ./Src/syscalls.o
 .group         0x0000000000000000        0xc ./Src/syscalls.o
 .group         0x0000000000000000        0xc ./Src/syscalls.o
 .group         0x0000000000000000        0xc ./Src/syscalls.o
 .group         0x0000000000000000        0xc ./Src/syscalls.o
 .group         0x0000000000000000        0xc ./Src/syscalls.o
 .group         0x0000000000000000        0xc ./Src/syscalls.o
 .group         0x0000000000000000        0xc ./Src/syscalls.o
 .group         0x0000000000000000        0xc ./Src/syscalls.o
 .group         0x0000000000000000        0xc ./Src/syscalls.o
 .group         0x0000000000000000        0xc ./Src/syscalls.o
 .group         0x0000000000000000        0xc ./Src/syscalls.o
 .group         0x0000000000000000        0xc ./Src/syscalls.o
 .group         0x0000000000000000        0xc ./Src/syscalls.o
 .group         0x0000000000000000        0xc ./Src/syscalls.o
 .group         0x0000000000000000        0xc ./Src/syscalls.o
 .group         0x0000000000000000        0xc ./Src/syscalls.o
 .group         0x0000000000000000        0xc ./Src/syscalls.o
 .group         0x0000000000000000        0xc ./Src/syscalls.o
 .group         0x0000000000000000        0xc ./Src/syscalls.o
 .group         0x0000000000000000        0xc ./Src/syscalls.o
 .group         0x0000000000000000        0xc ./Src/syscalls.o
 .group         0x0000000000000000        0xc ./Src/syscalls.o
 .group         0x0000000000000000        0xc ./Src/syscalls.o
 .group         0x0000000000000000        0xc ./Src/syscalls.o
 .group         0x0000000000000000        0xc ./Src/syscalls.o
 .text          0x0000000000000000        0x0 ./Src/syscalls.o
 .data          0x0000000000000000        0x0 ./Src/syscalls.o
 .bss           0x0000000000000000        0x0 ./Src/syscalls.o
 .bss.__env     0x0000000000000000        0x4 ./Src/syscalls.o
 .data.environ  0x0000000000000000        0x4 ./Src/syscalls.o
 .text.initialise_monitor_handles
                0x0000000000000000        0xc ./Src/syscalls.o
 .text._getpid  0x0000000000000000        0xe ./Src/syscalls.o
 .text._kill    0x0000000000000000       0x20 ./Src/syscalls.o
 .text._exit    0x0000000000000000       0x14 ./Src/syscalls.o
 .text._read    0x0000000000000000       0x3a ./Src/syscalls.o
 .text._write   0x0000000000000000       0x38 ./Src/syscalls.o
 .text._close   0x0000000000000000       0x16 ./Src/syscalls.o
 .text._fstat   0x0000000000000000       0x1e ./Src/syscalls.o
 .text._isatty  0x0000000000000000       0x14 ./Src/syscalls.o
 .text._lseek   0x0000000000000000       0x18 ./Src/syscalls.o
 .text._open    0x0000000000000000       0x1a ./Src/syscalls.o
 .text._wait    0x0000000000000000       0x1e ./Src/syscalls.o
 .text._unlink  0x0000000000000000       0x1e ./Src/syscalls.o
 .text._times   0x0000000000000000       0x16 ./Src/syscalls.o
 .text._stat    0x0000000000000000       0x1e ./Src/syscalls.o
 .text._link    0x0000000000000000       0x20 ./Src/syscalls.o
 .text._fork    0x0000000000000000       0x16 ./Src/syscalls.o
 .text._execve  0x0000000000000000       0x22 ./Src/syscalls.o
 .debug_info    0x0000000000000000      0x6e0 ./Src/syscalls.o
 .debug_abbrev  0x0000000000000000      0x1b3 ./Src/syscalls.o
 .debug_aranges
                0x0000000000000000       0xa8 ./Src/syscalls.o
 .debug_ranges  0x0000000000000000       0x98 ./Src/syscalls.o
 .debug_macro   0x0000000000000000      0x24c ./Src/syscalls.o
 .debug_macro   0x0000000000000000      0xa72 ./Src/syscalls.o
 .debug_macro   0x0000000000000000       0x22 ./Src/syscalls.o
 .debug_macro   0x0000000000000000       0x4c ./Src/syscalls.o
 .debug_macro   0x0000000000000000       0x18 ./Src/syscalls.o
 .debug_macro   0x0000000000000000       0x94 ./Src/syscalls.o
 .debug_macro   0x0000000000000000       0x3c ./Src/syscalls.o
 .debug_macro   0x0000000000000000       0x34 ./Src/syscalls.o
 .debug_macro   0x0000000000000000       0x57 ./Src/syscalls.o
 .debug_macro   0x0000000000000000      0x174 ./Src/syscalls.o
 .debug_macro   0x0000000000000000      0x341 ./Src/syscalls.o
 .debug_macro   0x0000000000000000       0x16 ./Src/syscalls.o
 .debug_macro   0x0000000000000000       0x43 ./Src/syscalls.o
 .debug_macro   0x0000000000000000       0x34 ./Src/syscalls.o
 .debug_macro   0x0000000000000000       0x10 ./Src/syscalls.o
 .debug_macro   0x0000000000000000       0x58 ./Src/syscalls.o
 .debug_macro   0x0000000000000000       0x71 ./Src/syscalls.o
 .debug_macro   0x0000000000000000       0x1c ./Src/syscalls.o
 .debug_macro   0x0000000000000000      0x12a ./Src/syscalls.o
 .debug_macro   0x0000000000000000       0x10 ./Src/syscalls.o
 .debug_macro   0x0000000000000000       0x35 ./Src/syscalls.o
 .debug_macro   0x0000000000000000       0x10 ./Src/syscalls.o
 .debug_macro   0x0000000000000000       0x10 ./Src/syscalls.o
 .debug_macro   0x0000000000000000       0x10 ./Src/syscalls.o
 .debug_macro   0x0000000000000000       0x6a ./Src/syscalls.o
 .debug_macro   0x0000000000000000       0x1c ./Src/syscalls.o
 .debug_macro   0x0000000000000000       0x52 ./Src/syscalls.o
 .debug_macro   0x0000000000000000       0x22 ./Src/syscalls.o
 .debug_macro   0x0000000000000000       0x10 ./Src/syscalls.o
 .debug_macro   0x0000000000000000       0x52 ./Src/syscalls.o
 .debug_macro   0x0000000000000000       0xd5 ./Src/syscalls.o
 .debug_macro   0x0000000000000000       0x1c ./Src/syscalls.o
 .debug_macro   0x0000000000000000       0x3d ./Src/syscalls.o
 .debug_macro   0x0000000000000000       0x35 ./Src/syscalls.o
 .debug_macro   0x0000000000000000      0x12c ./Src/syscalls.o
 .debug_macro   0x0000000000000000       0x16 ./Src/syscalls.o
 .debug_macro   0x0000000000000000       0x16 ./Src/syscalls.o
 .debug_macro   0x0000000000000000       0x29 ./Src/syscalls.o
 .debug_macro   0x0000000000000000       0x10 ./Src/syscalls.o
 .debug_macro   0x0000000000000000      0x241 ./Src/syscalls.o
 .debug_macro   0x0000000000000000       0x1c ./Src/syscalls.o
 .debug_macro   0x0000000000000000       0x10 ./Src/syscalls.o
 .debug_macro   0x0000000000000000       0x10 ./Src/syscalls.o
 .debug_macro   0x0000000000000000       0x16 ./Src/syscalls.o
 .debug_macro   0x0000000000000000      0x145 ./Src/syscalls.o
 .debug_macro   0x0000000000000000      0x189 ./Src/syscalls.o
 .debug_macro   0x0000000000000000       0x16 ./Src/syscalls.o
 .debug_macro   0x0000000000000000       0xce ./Src/syscalls.o
 .debug_line    0x0000000000000000      0x7f9 ./Src/syscalls.o
 .debug_str     0x0000000000000000     0x8a28 ./Src/syscalls.o
 .comment       0x0000000000000000       0x51 ./Src/syscalls.o
 .debug_frame   0x0000000000000000      0x2ac ./Src/syscalls.o
 .ARM.attributes
                0x0000000000000000       0x2d ./Src/syscalls.o
 .group         0x0000000000000000        0xc ./Src/sysmem.o
 .group         0x0000000000000000        0xc ./Src/sysmem.o
 .group         0x0000000000000000        0xc ./Src/sysmem.o
 .group         0x0000000000000000        0xc ./Src/sysmem.o
 .group         0x0000000000000000        0xc ./Src/sysmem.o
 .group         0x0000000000000000        0xc ./Src/sysmem.o
 .group         0x0000000000000000        0xc ./Src/sysmem.o
 .group         0x0000000000000000        0xc ./Src/sysmem.o
 .group         0x0000000000000000        0xc ./Src/sysmem.o
 .group         0x0000000000000000        0xc ./Src/sysmem.o
 .group         0x0000000000000000        0xc ./Src/sysmem.o
 .group         0x0000000000000000        0xc ./Src/sysmem.o
 .group         0x0000000000000000        0xc ./Src/sysmem.o
 .group         0x0000000000000000        0xc ./Src/sysmem.o
 .group         0x0000000000000000        0xc ./Src/sysmem.o
 .group         0x0000000000000000        0xc ./Src/sysmem.o
 .group         0x0000000000000000        0xc ./Src/sysmem.o
 .group         0x0000000000000000        0xc ./Src/sysmem.o
 .group         0x0000000000000000        0xc ./Src/sysmem.o
 .group         0x0000000000000000        0xc ./Src/sysmem.o
 .group         0x0000000000000000        0xc ./Src/sysmem.o
 .group         0x0000000000000000        0xc ./Src/sysmem.o
 .text          0x0000000000000000        0x0 ./Src/sysmem.o
 .data          0x0000000000000000        0x0 ./Src/sysmem.o
 .bss           0x0000000000000000        0x0 ./Src/sysmem.o
 .bss.__sbrk_heap_end
                0x0000000000000000        0x4 ./Src/sysmem.o
 .text._sbrk    0x0000000000000000       0x6c ./Src/sysmem.o
 .debug_info    0x0000000000000000      0x171 ./Src/sysmem.o
 .debug_abbrev  0x0000000000000000       0xbb ./Src/sysmem.o
 .debug_aranges
                0x0000000000000000       0x20 ./Src/sysmem.o
 .debug_ranges  0x0000000000000000       0x10 ./Src/sysmem.o
 .debug_macro   0x0000000000000000       0xff ./Src/sysmem.o
 .debug_macro   0x0000000000000000      0xa72 ./Src/sysmem.o
 .debug_macro   0x0000000000000000       0x10 ./Src/sysmem.o
 .debug_macro   0x0000000000000000       0x22 ./Src/sysmem.o
 .debug_macro   0x0000000000000000       0x4c ./Src/sysmem.o
 .debug_macro   0x0000000000000000       0x18 ./Src/sysmem.o
 .debug_macro   0x0000000000000000       0x94 ./Src/sysmem.o
 .debug_macro   0x0000000000000000       0x3c ./Src/sysmem.o
 .debug_macro   0x0000000000000000       0x34 ./Src/sysmem.o
 .debug_macro   0x0000000000000000      0x174 ./Src/sysmem.o
 .debug_macro   0x0000000000000000       0x16 ./Src/sysmem.o
 .debug_macro   0x0000000000000000       0x43 ./Src/sysmem.o
 .debug_macro   0x0000000000000000       0x57 ./Src/sysmem.o
 .debug_macro   0x0000000000000000       0x34 ./Src/sysmem.o
 .debug_macro   0x0000000000000000       0x10 ./Src/sysmem.o
 .debug_macro   0x0000000000000000       0x58 ./Src/sysmem.o
 .debug_macro   0x0000000000000000       0x71 ./Src/sysmem.o
 .debug_macro   0x0000000000000000       0x1c ./Src/sysmem.o
 .debug_macro   0x0000000000000000      0x12a ./Src/sysmem.o
 .debug_macro   0x0000000000000000      0x23b ./Src/sysmem.o
 .debug_macro   0x0000000000000000      0x103 ./Src/sysmem.o
 .debug_macro   0x0000000000000000       0x6a ./Src/sysmem.o
 .debug_macro   0x0000000000000000      0x1df ./Src/sysmem.o
 .debug_line    0x0000000000000000      0x4ef ./Src/sysmem.o
 .debug_str     0x0000000000000000     0x5d64 ./Src/sysmem.o
 .comment       0x0000000000000000       0x51 ./Src/sysmem.o
 .debug_frame   0x0000000000000000       0x34 ./Src/sysmem.o
 .ARM.attributes
                0x0000000000000000       0x2d ./Src/sysmem.o
 .text          0x0000000000000000       0x14 ./Startup/startup_stm32f103c8tx.o
 .data          0x0000000000000000        0x0 ./Startup/startup_stm32f103c8tx.o
 .bss           0x0000000000000000        0x0 ./Startup/startup_stm32f103c8tx.o
 .text          0x0000000000000000        0x0 c:/st/stm32cubeide_1.11.2/stm32cubeide/plugins/com.st.stm32cube.ide.mcu.externaltools.gnu-tools-for-stm32.10.3-2021.10.win32_1.0.100.202210260954/tools/bin/../lib/gcc/arm-none-eabi/10.3.1/../../../../arm-none-eabi/lib/thumb/v7-m/nofp\libc_nano.a(lib_a-errno.o)
 .data          0x0000000000000000        0x0 c:/st/stm32cubeide_1.11.2/stm32cubeide/plugins/com.st.stm32cube.ide.mcu.externaltools.gnu-tools-for-stm32.10.3-2021.10.win32_1.0.100.202210260954/tools/bin/../lib/gcc/arm-none-eabi/10.3.1/../../../../arm-none-eabi/lib/thumb/v7-m/nofp\libc_nano.a(lib_a-errno.o)
 .bss           0x0000000000000000        0x0 c:/st/stm32cubeide_1.11.2/stm32cubeide/plugins/com.st.stm32cube.ide.mcu.externaltools.gnu-tools-for-stm32.10.3-2021.10.win32_1.0.100.202210260954/tools/bin/../lib/gcc/arm-none-eabi/10.3.1/../../../../arm-none-eabi/lib/thumb/v7-m/nofp\libc_nano.a(lib_a-errno.o)
 .text.__errno  0x0000000000000000        0xc c:/st/stm32cubeide_1.11.2/stm32cubeide/plugins/com.st.stm32cube.ide.mcu.externaltools.gnu-tools-for-stm32.10.3-2021.10.win32_1.0.100.202210260954/tools/bin/../lib/gcc/arm-none-eabi/10.3.1/../../../../arm-none-eabi/lib/thumb/v7-m/nofp\libc_nano.a(lib_a-errno.o)
 .debug_frame   0x0000000000000000       0x20 c:/st/stm32cubeide_1.11.2/stm32cubeide/plugins/com.st.stm32cube.ide.mcu.externaltools.gnu-tools-for-stm32.10.3-2021.10.win32_1.0.100.202210260954/tools/bin/../lib/gcc/arm-none-eabi/10.3.1/../../../../arm-none-eabi/lib/thumb/v7-m/nofp\libc_nano.a(lib_a-errno.o)
 .ARM.attributes
                0x0000000000000000       0x2d c:/st/stm32cubeide_1.11.2/stm32cubeide/plugins/com.st.stm32cube.ide.mcu.externaltools.gnu-tools-for-stm32.10.3-2021.10.win32_1.0.100.202210260954/tools/bin/../lib/gcc/arm-none-eabi/10.3.1/../../../../arm-none-eabi/lib/thumb/v7-m/nofp\libc_nano.a(lib_a-errno.o)
 .text          0x0000000000000000        0x0 c:/st/stm32cubeide_1.11.2/stm32cubeide/plugins/com.st.stm32cube.ide.mcu.externaltools.gnu-tools-for-stm32.10.3-2021.10.win32_1.0.100.202210260954/tools/bin/../lib/gcc/arm-none-eabi/10.3.1/../../../../arm-none-eabi/lib/thumb/v7-m/nofp\libc_nano.a(lib_a-exit.o)
 .data          0x0000000000000000        0x0 c:/st/stm32cubeide_1.11.2/stm32cubeide/plugins/com.st.stm32cube.ide.mcu.externaltools.gnu-tools-for-stm32.10.3-2021.10.win32_1.0.100.202210260954/tools/bin/../lib/gcc/arm-none-eabi/10.3.1/../../../../arm-none-eabi/lib/thumb/v7-m/nofp\libc_nano.a(lib_a-exit.o)
 .bss           0x0000000000000000        0x0 c:/st/stm32cubeide_1.11.2/stm32cubeide/plugins/com.st.stm32cube.ide.mcu.externaltools.gnu-tools-for-stm32.10.3-2021.10.win32_1.0.100.202210260954/tools/bin/../lib/gcc/arm-none-eabi/10.3.1/../../../../arm-none-eabi/lib/thumb/v7-m/nofp\libc_nano.a(lib_a-exit.o)
 .text.exit     0x0000000000000000       0x28 c:/st/stm32cubeide_1.11.2/stm32cubeide/plugins/com.st.stm32cube.ide.mcu.externaltools.gnu-tools-for-stm32.10.3-2021.10.win32_1.0.100.202210260954/tools/bin/../lib/gcc/arm-none-eabi/10.3.1/../../../../arm-none-eabi/lib/thumb/v7-m/nofp\libc_nano.a(lib_a-exit.o)
 .debug_frame   0x0000000000000000       0x28 c:/st/stm32cubeide_1.11.2/stm32cubeide/plugins/com.st.stm32cube.ide.mcu.externaltools.gnu-tools-for-stm32.10.3-2021.10.win32_1.0.100.202210260954/tools/bin/../lib/gcc/arm-none-eabi/10.3.1/../../../../arm-none-eabi/lib/thumb/v7-m/nofp\libc_nano.a(lib_a-exit.o)
 .ARM.attributes
                0x0000000000000000       0x2d c:/st/stm32cubeide_1.11.2/stm32cubeide/plugins/com.st.stm32cube.ide.mcu.externaltools.gnu-tools-for-stm32.10.3-2021.10.win32_1.0.100.202210260954/tools/bin/../lib/gcc/arm-none-eabi/10.3.1/../../../../arm-none-eabi/lib/thumb/v7-m/nofp\libc_nano.a(lib_a-exit.o)
 .text          0x0000000000000000        0x0 c:/st/stm32cubeide_1.11.2/stm32cubeide/plugins/com.st.stm32cube.ide.mcu.externaltools.gnu-tools-for-stm32.10.3-2021.10.win32_1.0.100.202210260954/tools/bin/../lib/gcc/arm-none-eabi/10.3.1/../../../../arm-none-eabi/lib/thumb/v7-m/nofp\libc_nano.a(lib_a-impure.o)
 .data          0x0000000000000000        0x0 c:/st/stm32cubeide_1.11.2/stm32cubeide/plugins/com.st.stm32cube.ide.mcu.externaltools.gnu-tools-for-stm32.10.3-2021.10.win32_1.0.100.202210260954/tools/bin/../lib/gcc/arm-none-eabi/10.3.1/../../../../arm-none-eabi/lib/thumb/v7-m/nofp\libc_nano.a(lib_a-impure.o)
 .bss           0x0000000000000000        0x0 c:/st/stm32cubeide_1.11.2/stm32cubeide/plugins/com.st.stm32cube.ide.mcu.externaltools.gnu-tools-for-stm32.10.3-2021.10.win32_1.0.100.202210260954/tools/bin/../lib/gcc/arm-none-eabi/10.3.1/../../../../arm-none-eabi/lib/thumb/v7-m/nofp\libc_nano.a(lib_a-impure.o)
 .data._impure_ptr
                0x0000000000000000        0x4 c:/st/stm32cubeide_1.11.2/stm32cubeide/plugins/com.st.stm32cube.ide.mcu.externaltools.gnu-tools-for-stm32.10.3-2021.10.win32_1.0.100.202210260954/tools/bin/../lib/gcc/arm-none-eabi/10.3.1/../../../../arm-none-eabi/lib/thumb/v7-m/nofp\libc_nano.a(lib_a-impure.o)
 .data.impure_data
                0x0000000000000000       0x60 c:/st/stm32cubeide_1.11.2/stm32cubeide/plugins/com.st.stm32cube.ide.mcu.externaltools.gnu-tools-for-stm32.10.3-2021.10.win32_1.0.100.202210260954/tools/bin/../lib/gcc/arm-none-eabi/10.3.1/../../../../arm-none-eabi/lib/thumb/v7-m/nofp\libc_nano.a(lib_a-impure.o)
 .rodata._global_impure_ptr
                0x0000000000000000        0x4 c:/st/stm32cubeide_1.11.2/stm32cubeide/plugins/com.st.stm32cube.ide.mcu.externaltools.gnu-tools-for-stm32.10.3-2021.10.win32_1.0.100.202210260954/tools/bin/../lib/gcc/arm-none-eabi/10.3.1/../../../../arm-none-eabi/lib/thumb/v7-m/nofp\libc_nano.a(lib_a-impure.o)
 .ARM.attributes
                0x0000000000000000       0x2d c:/st/stm32cubeide_1.11.2/stm32cubeide/plugins/com.st.stm32cube.ide.mcu.externaltools.gnu-tools-for-stm32.10.3-2021.10.win32_1.0.100.202210260954/tools/bin/../lib/gcc/arm-none-eabi/10.3.1/../../../../arm-none-eabi/lib/thumb/v7-m/nofp\libc_nano.a(lib_a-impure.o)
 .text          0x0000000000000000        0x0 c:/st/stm32cubeide_1.11.2/stm32cubeide/plugins/com.st.stm32cube.ide.mcu.externaltools.gnu-tools-for-stm32.10.3-2021.10.win32_1.0.100.202210260954/tools/bin/../lib/gcc/arm-none-eabi/10.3.1/../../../../arm-none-eabi/lib/thumb/v7-m/nofp\libc_nano.a(lib_a-init.o)
 .data          0x0000000000000000        0x0 c:/st/stm32cubeide_1.11.2/stm32cubeide/plugins/com.st.stm32cube.ide.mcu.externaltools.gnu-tools-for-stm32.10.3-2021.10.win32_1.0.100.202210260954/tools/bin/../lib/gcc/arm-none-eabi/10.3.1/../../../../arm-none-eabi/lib/thumb/v7-m/nofp\libc_nano.a(lib_a-init.o)
 .bss           0x0000000000000000        0x0 c:/st/stm32cubeide_1.11.2/stm32cubeide/plugins/com.st.stm32cube.ide.mcu.externaltools.gnu-tools-for-stm32.10.3-2021.10.win32_1.0.100.202210260954/tools/bin/../lib/gcc/arm-none-eabi/10.3.1/../../../../arm-none-eabi/lib/thumb/v7-m/nofp\libc_nano.a(lib_a-init.o)
 .text          0x0000000000000000        0x0 c:/st/stm32cubeide_1.11.2/stm32cubeide/plugins/com.st.stm32cube.ide.mcu.externaltools.gnu-tools-for-stm32.10.3-2021.10.win32_1.0.100.202210260954/tools/bin/../lib/gcc/arm-none-eabi/10.3.1/../../../../arm-none-eabi/lib/thumb/v7-m/nofp\libc_nano.a(lib_a-memset.o)
 .data          0x0000000000000000        0x0 c:/st/stm32cubeide_1.11.2/stm32cubeide/plugins/com.st.stm32cube.ide.mcu.externaltools.gnu-tools-for-stm32.10.3-2021.10.win32_1.0.100.202210260954/tools/bin/../lib/gcc/arm-none-eabi/10.3.1/../../../../arm-none-eabi/lib/thumb/v7-m/nofp\libc_nano.a(lib_a-memset.o)
 .bss           0x0000000000000000        0x0 c:/st/stm32cubeide_1.11.2/stm32cubeide/plugins/com.st.stm32cube.ide.mcu.externaltools.gnu-tools-for-stm32.10.3-2021.10.win32_1.0.100.202210260954/tools/bin/../lib/gcc/arm-none-eabi/10.3.1/../../../../arm-none-eabi/lib/thumb/v7-m/nofp\libc_nano.a(lib_a-memset.o)
 .text.memset   0x0000000000000000       0x10 c:/st/stm32cubeide_1.11.2/stm32cubeide/plugins/com.st.stm32cube.ide.mcu.externaltools.gnu-tools-for-stm32.10.3-2021.10.win32_1.0.100.202210260954/tools/bin/../lib/gcc/arm-none-eabi/10.3.1/../../../../arm-none-eabi/lib/thumb/v7-m/nofp\libc_nano.a(lib_a-memset.o)
 .debug_frame   0x0000000000000000       0x20 c:/st/stm32cubeide_1.11.2/stm32cubeide/plugins/com.st.stm32cube.ide.mcu.externaltools.gnu-tools-for-stm32.10.3-2021.10.win32_1.0.100.202210260954/tools/bin/../lib/gcc/arm-none-eabi/10.3.1/../../../../arm-none-eabi/lib/thumb/v7-m/nofp\libc_nano.a(lib_a-memset.o)
 .ARM.attributes
                0x0000000000000000       0x2d c:/st/stm32cubeide_1.11.2/stm32cubeide/plugins/com.st.stm32cube.ide.mcu.externaltools.gnu-tools-for-stm32.10.3-2021.10.win32_1.0.100.202210260954/tools/bin/../lib/gcc/arm-none-eabi/10.3.1/../../../../arm-none-eabi/lib/thumb/v7-m/nofp\libc_nano.a(lib_a-memset.o)
 .text          0x0000000000000000        0x0 c:/st/stm32cubeide_1.11.2/stm32cubeide/plugins/com.st.stm32cube.ide.mcu.externaltools.gnu-tools-for-stm32.10.3-2021.10.win32_1.0.100.202210260954/tools/bin/../lib/gcc/arm-none-eabi/10.3.1/thumb/v7-m/nofp/crtend.o
 .data          0x0000000000000000        0x0 c:/st/stm32cubeide_1.11.2/stm32cubeide/plugins/com.st.stm32cube.ide.mcu.externaltools.gnu-tools-for-stm32.10.3-2021.10.win32_1.0.100.202210260954/tools/bin/../lib/gcc/arm-none-eabi/10.3.1/thumb/v7-m/nofp/crtend.o
 .bss           0x0000000000000000        0x0 c:/st/stm32cubeide_1.11.2/stm32cubeide/plugins/com.st.stm32cube.ide.mcu.externaltools.gnu-tools-for-stm32.10.3-2021.10.win32_1.0.100.202210260954/tools/bin/../lib/gcc/arm-none-eabi/10.3.1/thumb/v7-m/nofp/crtend.o
 .rodata        0x0000000000000000       0x24 c:/st/stm32cubeide_1.11.2/stm32cubeide/plugins/com.st.stm32cube.ide.mcu.externaltools.gnu-tools-for-stm32.10.3-2021.10.win32_1.0.100.202210260954/tools/bin/../lib/gcc/arm-none-eabi/10.3.1/thumb/v7-m/nofp/crtend.o
 .eh_frame      0x0000000000000000        0x4 c:/st/stm32cubeide_1.11.2/stm32cubeide/plugins/com.st.stm32cube.ide.mcu.externaltools.gnu-tools-for-stm32.10.3-2021.10.win32_1.0.100.202210260954/tools/bin/../lib/gcc/arm-none-eabi/10.3.1/thumb/v7-m/nofp/crtend.o
 .ARM.attributes
                0x0000000000000000       0x2d c:/st/stm32cubeide_1.11.2/stm32cubeide/plugins/com.st.stm32cube.ide.mcu.externaltools.gnu-tools-for-stm32.10.3-2021.10.win32_1.0.100.202210260954/tools/bin/../lib/gcc/arm-none-eabi/10.3.1/thumb/v7-m/nofp/crtend.o
 .text          0x0000000000000000        0x0 c:/st/stm32cubeide_1.11.2/stm32cubeide/plugins/com.st.stm32cube.ide.mcu.externaltools.gnu-tools-for-stm32.10.3-2021.10.win32_1.0.100.202210260954/tools/bin/../lib/gcc/arm-none-eabi/10.3.1/thumb/v7-m/nofp/crtn.o
 .data          0x0000000000000000        0x0 c:/st/stm32cubeide_1.11.2/stm32cubeide/plugins/com.st.stm32cube.ide.mcu.externaltools.gnu-tools-for-stm32.10.3-2021.10.win32_1.0.100.202210260954/tools/bin/../lib/gcc/arm-none-eabi/10.3.1/thumb/v7-m/nofp/crtn.o
 .bss           0x0000000000000000        0x0 c:/st/stm32cubeide_1.11.2/stm32cubeide/plugins/com.st.stm32cube.ide.mcu.externaltools.gnu-tools-for-stm32.10.3-2021.10.win32_1.0.100.202210260954/tools/bin/../lib/gcc/arm-none-eabi/10.3.1/thumb/v7-m/nofp/crtn.o

Memory Configuration

Name             Origin             Length             Attributes
RAM              0x0000000020000000 0x0000000000005000 xrw
FLASH            0x0000000008000000 0x0000000000010000 xr
*default*        0x0000000000000000 0xffffffffffffffff

Linker script and memory map

LOAD c:/st/stm32cubeide_1.11.2/stm32cubeide/plugins/com.st.stm32cube.ide.mcu.externaltools.gnu-tools-for-stm32.10.3-2021.10.win32_1.0.100.202210260954/tools/bin/../lib/gcc/arm-none-eabi/10.3.1/thumb/v7-m/nofp/crti.o
LOAD c:/st/stm32cubeide_1.11.2/stm32cubeide/plugins/com.st.stm32cube.ide.mcu.externaltools.gnu-tools-for-stm32.10.3-2021.10.win32_1.0.100.202210260954/tools/bin/../lib/gcc/arm-none-eabi/10.3.1/thumb/v7-m/nofp/crtbegin.o
LOAD c:/st/stm32cubeide_1.11.2/stm32cubeide/plugins/com.st.stm32cube.ide.mcu.externaltools.gnu-tools-for-stm32.10.3-2021.10.win32_1.0.100.202210260954/tools/bin/../lib/gcc/arm-none-eabi/10.3.1/../../../../arm-none-eabi/lib/thumb/v7-m/nofp/crt0.o
LOAD ./Src/ADC_main.o
LOAD ./Src/ADC_prog.o
LOAD ./Src/DIO_prog.o
LOAD ./Src/EXTI_program.o
LOAD ./Src/LCD_prg.o
LOAD ./Src/NVIC_prog.o
LOAD ./Src/PB_prog.o
LOAD ./Src/RCC_program.o
LOAD ./Src/SSD_prog.o
LOAD ./Src/STK_program.o
LOAD ./Src/syscalls.o
LOAD ./Src/sysmem.o
LOAD ./Startup/startup_stm32f103c8tx.o
START GROUP
LOAD c:/st/stm32cubeide_1.11.2/stm32cubeide/plugins/com.st.stm32cube.ide.mcu.externaltools.gnu-tools-for-stm32.10.3-2021.10.win32_1.0.100.202210260954/tools/bin/../lib/gcc/arm-none-eabi/10.3.1/../../../../arm-none-eabi/lib/thumb/v7-m/nofp\libc_nano.a
LOAD c:/st/stm32cubeide_1.11.2/stm32cubeide/plugins/com.st.stm32cube.ide.mcu.externaltools.gnu-tools-for-stm32.10.3-2021.10.win32_1.0.100.202210260954/tools/bin/../lib/gcc/arm-none-eabi/10.3.1/../../../../arm-none-eabi/lib/thumb/v7-m/nofp\libm.a
END GROUP
START GROUP
LOAD c:/st/stm32cubeide_1.11.2/stm32cubeide/plugins/com.st.stm32cube.ide.mcu.externaltools.gnu-tools-for-stm32.10.3-2021.10.win32_1.0.100.202210260954/tools/bin/../lib/gcc/arm-none-eabi/10.3.1/thumb/v7-m/nofp\libgcc.a
LOAD c:/st/stm32cubeide_1.11.2/stm32cubeide/plugins/com.st.stm32cube.ide.mcu.externaltools.gnu-tools-for-stm32.10.3-2021.10.win32_1.0.100.202210260954/tools/bin/../lib/gcc/arm-none-eabi/10.3.1/../../../../arm-none-eabi/lib/thumb/v7-m/nofp\libc_nano.a
END GROUP
START GROUP
LOAD c:/st/stm32cubeide_1.11.2/stm32cubeide/plugins/com.st.stm32cube.ide.mcu.externaltools.gnu-tools-for-stm32.10.3-2021.10.win32_1.0.100.202210260954/tools/bin/../lib/gcc/arm-none-eabi/10.3.1/thumb/v7-m/nofp\libgcc.a
LOAD c:/st/stm32cubeide_1.11.2/stm32cubeide/plugins/com.st.stm32cube.ide.mcu.externaltools.gnu-tools-for-stm32.10.3-2021.10.win32_1.0.100.202210260954/tools/bin/../lib/gcc/arm-none-eabi/10.3.1/../../../../arm-none-eabi/lib/thumb/v7-m/nofp\libc_nano.a
LOAD c:/st/stm32cubeide_1.11.2/stm32cubeide/plugins/com.st.stm32cube.ide.mcu.externaltools.gnu-tools-for-stm32.10.3-2021.10.win32_1.0.100.202210260954/tools/bin/../lib/gcc/arm-none-eabi/10.3.1/../../../../arm-none-eabi/lib/thumb/v7-m/nofp\libnosys.a
END GROUP
START GROUP
LOAD c:/st/stm32cubeide_1.11.2/stm32cubeide/plugins/com.st.stm32cube.ide.mcu.externaltools.gnu-tools-for-stm32.10.3-2021.10.win32_1.0.100.202210260954/tools/bin/../lib/gcc/arm-none-eabi/10.3.1/thumb/v7-m/nofp\libgcc.a
LOAD c:/st/stm32cubeide_1.11.2/stm32cubeide/plugins/com.st.stm32cube.ide.mcu.externaltools.gnu-tools-for-stm32.10.3-2021.10.win32_1.0.100.202210260954/tools/bin/../lib/gcc/arm-none-eabi/10.3.1/../../../../arm-none-eabi/lib/thumb/v7-m/nofp\libc_nano.a
LOAD c:/st/stm32cubeide_1.11.2/stm32cubeide/plugins/com.st.stm32cube.ide.mcu.externaltools.gnu-tools-for-stm32.10.3-2021.10.win32_1.0.100.202210260954/tools/bin/../lib/gcc/arm-none-eabi/10.3.1/../../../../arm-none-eabi/lib/thumb/v7-m/nofp\libnosys.a
END GROUP
LOAD c:/st/stm32cubeide_1.11.2/stm32cubeide/plugins/com.st.stm32cube.ide.mcu.externaltools.gnu-tools-for-stm32.10.3-2021.10.win32_1.0.100.202210260954/tools/bin/../lib/gcc/arm-none-eabi/10.3.1/thumb/v7-m/nofp/crtend.o
LOAD c:/st/stm32cubeide_1.11.2/stm32cubeide/plugins/com.st.stm32cube.ide.mcu.externaltools.gnu-tools-for-stm32.10.3-2021.10.win32_1.0.100.202210260954/tools/bin/../lib/gcc/arm-none-eabi/10.3.1/thumb/v7-m/nofp/crtn.o
                0x0000000020005000                _estack = (ORIGIN (RAM) + LENGTH (RAM))
                0x0000000000000200                _Min_Heap_Size = 0x200
                0x0000000000000400                _Min_Stack_Size = 0x400

.isr_vector     0x0000000008000000      0x130
                0x0000000008000000                . = ALIGN (0x4)
 *(.isr_vector)
 .isr_vector    0x0000000008000000      0x130 ./Startup/startup_stm32f103c8tx.o
                0x0000000008000000                g_pfnVectors
                0x0000000008000130                . = ALIGN (0x4)

.text           0x0000000008000130     0x1288
                0x0000000008000130                . = ALIGN (0x4)
 *(.text)
 .text          0x0000000008000130       0x40 c:/st/stm32cubeide_1.11.2/stm32cubeide/plugins/com.st.stm32cube.ide.mcu.externaltools.gnu-tools-for-stm32.10.3-2021.10.win32_1.0.100.202210260954/tools/bin/../lib/gcc/arm-none-eabi/10.3.1/thumb/v7-m/nofp/crtbegin.o
 *(.text*)
 .text.main     0x0000000008000170      0x214 ./Src/ADC_main.o
                0x0000000008000170                main
 .text._delay_ms
                0x0000000008000384       0x32 ./Src/ADC_prog.o
                0x0000000008000384                _delay_ms
 *fill*         0x00000000080003b6        0x2 
 .text.ADC_void_init
                0x00000000080003b8       0x84 ./Src/ADC_prog.o
                0x00000000080003b8                ADC_void_init
 .text.ADC_u16_read
                0x000000000800043c       0x7c ./Src/ADC_prog.o
                0x000000000800043c                ADC_u16_read
 .text.M_GPIO_void_SetPinDir
                0x00000000080004b8      0x1ac ./Src/DIO_prog.o
                0x00000000080004b8                M_GPIO_void_SetPinDir
 .text.M_GPIO_void_SetPinValue
                0x0000000008000664       0xf4 ./Src/DIO_prog.o
                0x0000000008000664                M_GPIO_void_SetPinValue
 .text.EXTI0_IRQHandler
                0x0000000008000758       0x14 ./Src/EXTI_program.o
                0x0000000008000758                EXTI0_IRQHandler
 .text.H_LCD_void_Init
                0x000000000800076c       0xbe ./Src/LCD_prg.o
                0x000000000800076c                H_LCD_void_Init
 .text.H_LCD_void_sendCommand
                0x000000000800082a       0x24 ./Src/LCD_prg.o
                0x000000000800082a                H_LCD_void_sendCommand
 .text.H_LCD_void_writeNlatch
                0x000000000800084e      0x102 ./Src/LCD_prg.o
 .text.EXTI1_IRQHandler
                0x0000000008000950       0x14 ./Src/NVIC_prog.o
                0x0000000008000950                EXTI1_IRQHandler
 .text.MRCC_voidSysClkInit
                0x0000000008000964       0x38 ./Src/RCC_program.o
                0x0000000008000964                MRCC_voidSysClkInit
 .text.MRCC_voidEnablePerClk
                0x000000000800099c       0x84 ./Src/RCC_program.o
                0x000000000800099c                MRCC_voidEnablePerClk
 .text.MRCC_voidSetADCPre
                0x0000000008000a20       0x48 ./Src/RCC_program.o
                0x0000000008000a20                MRCC_voidSetADCPre
 .text.H_SSD_void_init
                0x0000000008000a68       0x80 ./Src/SSD_prog.o
                0x0000000008000a68                H_SSD_void_init
 .text.H_SSD_void_DisplayNumber
                0x0000000008000ae8      0x76c ./Src/SSD_prog.o
                0x0000000008000ae8                H_SSD_void_DisplayNumber
 .text.STK_voidBusyWait
                0x0000000008001254       0x54 ./Src/STK_program.o
                0x0000000008001254                STK_voidBusyWait
 .text.SysTick_Handler
                0x00000000080012a8       0x5c ./Src/STK_program.o
                0x00000000080012a8                SysTick_Handler
 .text.Reset_Handler
                0x0000000008001304       0x50 ./Startup/startup_stm32f103c8tx.o
                0x0000000008001304                Reset_Handler
 .text.Default_Handler
                0x0000000008001354        0x2 ./Startup/startup_stm32f103c8tx.o
                0x0000000008001354                EXTI2_IRQHandler
                0x0000000008001354                TIM8_TRG_COM_IRQHandler
                0x0000000008001354                TIM8_CC_IRQHandler
                0x0000000008001354                DebugMon_Handler
                0x0000000008001354                TIM1_CC_IRQHandler
                0x0000000008001354                HardFault_Handler
                0x0000000008001354                TIM6_IRQHandler
                0x0000000008001354                PVD_IRQHandler
                0x0000000008001354                SDIO_IRQHandler
                0x0000000008001354                PendSV_Handler
                0x0000000008001354                NMI_Handler
                0x0000000008001354                EXTI3_IRQHandler
                0x0000000008001354                USB_HP_CAN_TX_IRQHandler
                0x0000000008001354                I2C2_EV_IRQHandler
                0x0000000008001354                UsageFault_Handler
                0x0000000008001354                ADC1_2_IRQHandler
                0x0000000008001354                SPI1_IRQHandler
                0x0000000008001354                CAN_SCE_IRQHandler
                0x0000000008001354                TAMPER_IRQHandler
                0x0000000008001354                TIM8_UP_IRQHandler
                0x0000000008001354                DMA2_Channel2_IRQHandler
                0x0000000008001354                DMA1_Channel4_IRQHandler
                0x0000000008001354                USART3_IRQHandler
                0x0000000008001354                RTC_IRQHandler
                0x0000000008001354                DMA1_Channel7_IRQHandler
                0x0000000008001354                UART5_IRQHandler
                0x0000000008001354                ADC3_IRQHandler
                0x0000000008001354                TIM4_IRQHandler
                0x0000000008001354                CAN_RX1_IRQHandler
                0x0000000008001354                DMA2_Channel1_IRQHandler
                0x0000000008001354                I2C1_EV_IRQHandler
                0x0000000008001354                DMA1_Channel6_IRQHandler
                0x0000000008001354                UART4_IRQHandler
                0x0000000008001354                TIM3_IRQHandler
                0x0000000008001354                RCC_IRQHandler
                0x0000000008001354                TIM1_TRG_COM_IRQHandler
                0x0000000008001354                DMA1_Channel1_IRQHandler
                0x0000000008001354                Default_Handler
                0x0000000008001354                EXTI15_10_IRQHandler
                0x0000000008001354                TIM7_IRQHandler
                0x0000000008001354                TIM5_IRQHandler
                0x0000000008001354                EXTI9_5_IRQHandler
                0x0000000008001354                SPI2_IRQHandler
                0x0000000008001354                USB_LP_CAN_RX0_IRQHandler
                0x0000000008001354                MemManage_Handler
                0x0000000008001354                SVC_Handler
                0x0000000008001354                DMA1_Channel5_IRQHandler
                0x0000000008001354                EXTI4_IRQHandler
                0x0000000008001354                DMA1_Channel3_IRQHandler
                0x0000000008001354                FSMC_IRQHandler
                0x0000000008001354                TIM1_UP_IRQHandler
                0x0000000008001354                WWDG_IRQHandler
                0x0000000008001354                TIM2_IRQHandler
                0x0000000008001354                TIM1_BRK_IRQHandler
                0x0000000008001354                RTCAlarm_IRQHandler
                0x0000000008001354                DMA2_Channel4_5_IRQHandler
                0x0000000008001354                USART2_IRQHandler
                0x0000000008001354                I2C2_ER_IRQHandler
                0x0000000008001354                DMA1_Channel2_IRQHandler
                0x0000000008001354                TIM8_BRK_IRQHandler
                0x0000000008001354                FLASH_IRQHandler
                0x0000000008001354                BusFault_Handler
                0x0000000008001354                USART1_IRQHandler
                0x0000000008001354                SPI3_IRQHandler
                0x0000000008001354                I2C1_ER_IRQHandler
                0x0000000008001354                DMA2_Channel3_IRQHandler
 *fill*         0x0000000008001356        0x2 
 .text.__libc_init_array
                0x0000000008001358       0x48 c:/st/stm32cubeide_1.11.2/stm32cubeide/plugins/com.st.stm32cube.ide.mcu.externaltools.gnu-tools-for-stm32.10.3-2021.10.win32_1.0.100.202210260954/tools/bin/../lib/gcc/arm-none-eabi/10.3.1/../../../../arm-none-eabi/lib/thumb/v7-m/nofp\libc_nano.a(lib_a-init.o)
                0x0000000008001358                __libc_init_array
 *(.glue_7)
 .glue_7        0x00000000080013a0        0x0 linker stubs
 *(.glue_7t)
 .glue_7t       0x00000000080013a0        0x0 linker stubs
 *(.eh_frame)
 .eh_frame      0x00000000080013a0        0x0 c:/st/stm32cubeide_1.11.2/stm32cubeide/plugins/com.st.stm32cube.ide.mcu.externaltools.gnu-tools-for-stm32.10.3-2021.10.win32_1.0.100.202210260954/tools/bin/../lib/gcc/arm-none-eabi/10.3.1/thumb/v7-m/nofp/crtbegin.o
 *(.init)
 .init          0x00000000080013a0        0x4 c:/st/stm32cubeide_1.11.2/stm32cubeide/plugins/com.st.stm32cube.ide.mcu.externaltools.gnu-tools-for-stm32.10.3-2021.10.win32_1.0.100.202210260954/tools/bin/../lib/gcc/arm-none-eabi/10.3.1/thumb/v7-m/nofp/crti.o
                0x00000000080013a0                _init
 .init          0x00000000080013a4        0x8 c:/st/stm32cubeide_1.11.2/stm32cubeide/plugins/com.st.stm32cube.ide.mcu.externaltools.gnu-tools-for-stm32.10.3-2021.10.win32_1.0.100.202210260954/tools/bin/../lib/gcc/arm-none-eabi/10.3.1/thumb/v7-m/nofp/crtn.o
 *(.fini)
 .fini          0x00000000080013ac        0x4 c:/st/stm32cubeide_1.11.2/stm32cubeide/plugins/com.st.stm32cube.ide.mcu.externaltools.gnu-tools-for-stm32.10.3-2021.10.win32_1.0.100.202210260954/tools/bin/../lib/gcc/arm-none-eabi/10.3.1/thumb/v7-m/nofp/crti.o
                0x00000000080013ac                _fini
 .fini          0x00000000080013b0        0x8 c:/st/stm32cubeide_1.11.2/stm32cubeide/plugins/com.st.stm32cube.ide.mcu.externaltools.gnu-tools-for-stm32.10.3-2021.10.win32_1.0.100.202210260954/tools/bin/../lib/gcc/arm-none-eabi/10.3.1/thumb/v7-m/nofp/crtn.o
                0x00000000080013b8                . = ALIGN (0x4)
                0x00000000080013b8                _etext = .

.vfp11_veneer   0x00000000080013b8        0x0
 .vfp11_veneer  0x00000000080013b8        0x0 linker stubs

.v4_bx          0x00000000080013b8        0x0
 .v4_bx         0x00000000080013b8        0x0 linker stubs

.iplt           0x00000000080013b8        0x0
 .iplt          0x00000000080013b8        0x0 c:/st/stm32cubeide_1.11.2/stm32cubeide/plugins/com.st.stm32cube.ide.mcu.externaltools.gnu-tools-for-stm32.10.3-2021.10.win32_1.0.100.202210260954/tools/bin/../lib/gcc/arm-none-eabi/10.3.1/thumb/v7-m/nofp/crtbegin.o

.rel.dyn        0x00000000080013b8        0x0
 .rel.iplt      0x00000000080013b8        0x0 c:/st/stm32cubeide_1.11.2/stm32cubeide/plugins/com.st.stm32cube.ide.mcu.externaltools.gnu-tools-for-stm32.10.3-2021.10.win32_1.0.100.202210260954/tools/bin/../lib/gcc/arm-none-eabi/10.3.1/thumb/v7-m/nofp/crtbegin.o

.rodata         0x00000000080013b8        0x0
                0x00000000080013b8                . = ALIGN (0x4)
 *(.rodata)
 *(.rodata*)
                0x00000000080013b8                . = ALIGN (0x4)

.ARM.extab      0x00000000080013b8        0x0
                0x00000000080013b8                . = ALIGN (0x4)
 *(.ARM.extab* .gnu.linkonce.armextab.*)
                0x00000000080013b8                . = ALIGN (0x4)

.ARM            0x00000000080013b8        0x0
                0x00000000080013b8                . = ALIGN (0x4)
                0x00000000080013b8                __exidx_start = .
 *(.ARM.exidx*)
                0x00000000080013b8                __exidx_end = .
                0x00000000080013b8                . = ALIGN (0x4)

.preinit_array  0x00000000080013b8        0x0
                0x00000000080013b8                . = ALIGN (0x4)
                0x00000000080013b8                PROVIDE (__preinit_array_start = .)
 *(.preinit_array*)
                0x00000000080013b8                PROVIDE (__preinit_array_end = .)
                0x00000000080013b8                . = ALIGN (0x4)

.init_array     0x00000000080013b8        0x4
                0x00000000080013b8                . = ALIGN (0x4)
                0x00000000080013b8                PROVIDE (__init_array_start = .)
 *(SORT_BY_NAME(.init_array.*))
 *(.init_array*)
 .init_array    0x00000000080013b8        0x4 c:/st/stm32cubeide_1.11.2/stm32cubeide/plugins/com.st.stm32cube.ide.mcu.externaltools.gnu-tools-for-stm32.10.3-2021.10.win32_1.0.100.202210260954/tools/bin/../lib/gcc/arm-none-eabi/10.3.1/thumb/v7-m/nofp/crtbegin.o
                0x00000000080013bc                PROVIDE (__init_array_end = .)
                0x00000000080013bc                . = ALIGN (0x4)

.fini_array     0x00000000080013bc        0x4
                0x00000000080013bc                . = ALIGN (0x4)
                [!provide]                        PROVIDE (__fini_array_start = .)
 *(SORT_BY_NAME(.fini_array.*))
 *(.fini_array*)
 .fini_array    0x00000000080013bc        0x4 c:/st/stm32cubeide_1.11.2/stm32cubeide/plugins/com.st.stm32cube.ide.mcu.externaltools.gnu-tools-for-stm32.10.3-2021.10.win32_1.0.100.202210260954/tools/bin/../lib/gcc/arm-none-eabi/10.3.1/thumb/v7-m/nofp/crtbegin.o
                [!provide]                        PROVIDE (__fini_array_end = .)
                0x00000000080013c0                . = ALIGN (0x4)
                0x00000000080013c0                _sidata = LOADADDR (.data)

.data           0x0000000020000000        0x0 load address 0x00000000080013c0
                0x0000000020000000                . = ALIGN (0x4)
                0x0000000020000000                _sdata = .
 *(.data)
 *(.data*)
 *(.RamFunc)
 *(.RamFunc*)
                0x0000000020000000                . = ALIGN (0x4)
                0x0000000020000000                _edata = .

.igot.plt       0x0000000020000000        0x0 load address 0x00000000080013c0
 .igot.plt      0x0000000020000000        0x0 c:/st/stm32cubeide_1.11.2/stm32cubeide/plugins/com.st.stm32cube.ide.mcu.externaltools.gnu-tools-for-stm32.10.3-2021.10.win32_1.0.100.202210260954/tools/bin/../lib/gcc/arm-none-eabi/10.3.1/thumb/v7-m/nofp/crtbegin.o
                0x0000000020000000                . = ALIGN (0x4)

.bss            0x0000000020000000       0x30 load address 0x00000000080013c0
                0x0000000020000000                _sbss = .
                0x0000000020000000                __bss_start__ = _sbss
 *(.bss)
 .bss           0x0000000020000000       0x1c c:/st/stm32cubeide_1.11.2/stm32cubeide/plugins/com.st.stm32cube.ide.mcu.externaltools.gnu-tools-for-stm32.10.3-2021.10.win32_1.0.100.202210260954/tools/bin/../lib/gcc/arm-none-eabi/10.3.1/thumb/v7-m/nofp/crtbegin.o
 *(.bss*)
 .bss.global_u16Reading
                0x000000002000001c        0x2 ./Src/ADC_main.o
                0x000000002000001c                global_u16Reading
 *fill*         0x000000002000001e        0x2 
 .bss.EXTI0_CallBack
                0x0000000020000020        0x4 ./Src/EXTI_program.o
 .bss.EXTI1_CallBack
                0x0000000020000024        0x4 ./Src/NVIC_prog.o
 .bss.SysTick_CallBack
                0x0000000020000028        0x4 ./Src/STK_program.o
 .bss.STK_u8ModeOfInterval
                0x000000002000002c        0x1 ./Src/STK_program.o
 *(COMMON)
                0x0000000020000030                . = ALIGN (0x4)
 *fill*         0x000000002000002d        0x3 
                0x0000000020000030                _ebss = .
                0x0000000020000030                __bss_end__ = _ebss

._user_heap_stack
                0x0000000020000030      0x600 load address 0x00000000080013c0
                0x0000000020000030                . = ALIGN (0x8)
                [!provide]                        PROVIDE (end = .)
                0x0000000020000030                PROVIDE (_end = .)
                0x0000000020000230                . = (. + _Min_Heap_Size)
 *fill*         0x0000000020000030      0x200 
                0x0000000020000630                . = (. + _Min_Stack_Size)
 *fill*         0x0000000020000230      0x400 
                0x0000000020000630                . = ALIGN (0x8)

/DISCARD/
 libc.a(*)
 libm.a(*)
 libgcc.a(*)

.ARM.attributes
                0x0000000000000000       0x29
 *(.ARM.attributes)
 .ARM.attributes
                0x0000000000000000       0x1d c:/st/stm32cubeide_1.11.2/stm32cubeide/plugins/com.st.stm32cube.ide.mcu.externaltools.gnu-tools-for-stm32.10.3-2021.10.win32_1.0.100.202210260954/tools/bin/../lib/gcc/arm-none-eabi/10.3.1/thumb/v7-m/nofp/crti.o
 .ARM.attributes
                0x000000000000001d       0x2d c:/st/stm32cubeide_1.11.2/stm32cubeide/plugins/com.st.stm32cube.ide.mcu.externaltools.gnu-tools-for-stm32.10.3-2021.10.win32_1.0.100.202210260954/tools/bin/../lib/gcc/arm-none-eabi/10.3.1/thumb/v7-m/nofp/crtbegin.o
 .ARM.attributes
                0x000000000000004a       0x2d ./Src/ADC_main.o
 .ARM.attributes
                0x0000000000000077       0x2d ./Src/ADC_prog.o
 .ARM.attributes
                0x00000000000000a4       0x2d ./Src/DIO_prog.o
 .ARM.attributes
                0x00000000000000d1       0x2d ./Src/EXTI_program.o
 .ARM.attributes
                0x00000000000000fe       0x2d ./Src/LCD_prg.o
 .ARM.attributes
                0x000000000000012b       0x2d ./Src/NVIC_prog.o
 .ARM.attributes
                0x0000000000000158       0x2d ./Src/RCC_program.o
 .ARM.attributes
                0x0000000000000185       0x2d ./Src/SSD_prog.o
 .ARM.attributes
                0x00000000000001b2       0x2d ./Src/STK_program.o
 .ARM.attributes
                0x00000000000001df       0x21 ./Startup/startup_stm32f103c8tx.o
 .ARM.attributes
                0x0000000000000200       0x2d c:/st/stm32cubeide_1.11.2/stm32cubeide/plugins/com.st.stm32cube.ide.mcu.externaltools.gnu-tools-for-stm32.10.3-2021.10.win32_1.0.100.202210260954/tools/bin/../lib/gcc/arm-none-eabi/10.3.1/../../../../arm-none-eabi/lib/thumb/v7-m/nofp\libc_nano.a(lib_a-init.o)
 .ARM.attributes
                0x000000000000022d       0x1d c:/st/stm32cubeide_1.11.2/stm32cubeide/plugins/com.st.stm32cube.ide.mcu.externaltools.gnu-tools-for-stm32.10.3-2021.10.win32_1.0.100.202210260954/tools/bin/../lib/gcc/arm-none-eabi/10.3.1/thumb/v7-m/nofp/crtn.o
OUTPUT(ADC_ARM.elf elf32-littlearm)
LOAD linker stubs
LOAD c:/st/stm32cubeide_1.11.2/stm32cubeide/plugins/com.st.stm32cube.ide.mcu.externaltools.gnu-tools-for-stm32.10.3-2021.10.win32_1.0.100.202210260954/tools/bin/../lib/gcc/arm-none-eabi/10.3.1/../../../../arm-none-eabi/lib/thumb/v7-m/nofp\libc.a
LOAD c:/st/stm32cubeide_1.11.2/stm32cubeide/plugins/com.st.stm32cube.ide.mcu.externaltools.gnu-tools-for-stm32.10.3-2021.10.win32_1.0.100.202210260954/tools/bin/../lib/gcc/arm-none-eabi/10.3.1/../../../../arm-none-eabi/lib/thumb/v7-m/nofp\libm.a
LOAD c:/st/stm32cubeide_1.11.2/stm32cubeide/plugins/com.st.stm32cube.ide.mcu.externaltools.gnu-tools-for-stm32.10.3-2021.10.win32_1.0.100.202210260954/tools/bin/../lib/gcc/arm-none-eabi/10.3.1/thumb/v7-m/nofp\libgcc.a

.debug_info     0x0000000000000000     0x1099
 .debug_info    0x0000000000000000      0x1d8 ./Src/ADC_main.o
 .debug_info    0x00000000000001d8      0x26f ./Src/ADC_prog.o
 .debug_info    0x0000000000000447      0x147 ./Src/DIO_prog.o
 .debug_info    0x000000000000058e      0x1c4 ./Src/EXTI_program.o
 .debug_info    0x0000000000000752      0x2ad ./Src/LCD_prg.o
 .debug_info    0x00000000000009ff      0x218 ./Src/NVIC_prog.o
 .debug_info    0x0000000000000c17      0x11b ./Src/RCC_program.o
 .debug_info    0x0000000000000d32      0x126 ./Src/SSD_prog.o
 .debug_info    0x0000000000000e58      0x21f ./Src/STK_program.o
 .debug_info    0x0000000000001077       0x22 ./Startup/startup_stm32f103c8tx.o

.debug_abbrev   0x0000000000000000      0x855
 .debug_abbrev  0x0000000000000000       0xdc ./Src/ADC_main.o
 .debug_abbrev  0x00000000000000dc      0x131 ./Src/ADC_prog.o
 .debug_abbrev  0x000000000000020d       0x92 ./Src/DIO_prog.o
 .debug_abbrev  0x000000000000029f      0x10b ./Src/EXTI_program.o
 .debug_abbrev  0x00000000000003aa      0x160 ./Src/LCD_prg.o
 .debug_abbrev  0x000000000000050a       0xe0 ./Src/NVIC_prog.o
 .debug_abbrev  0x00000000000005ea       0x78 ./Src/RCC_program.o
 .debug_abbrev  0x0000000000000662       0xb6 ./Src/SSD_prog.o
 .debug_abbrev  0x0000000000000718      0x12b ./Src/STK_program.o
 .debug_abbrev  0x0000000000000843       0x12 ./Startup/startup_stm32f103c8tx.o

.debug_aranges  0x0000000000000000      0x278
 .debug_aranges
                0x0000000000000000       0x20 ./Src/ADC_main.o
 .debug_aranges
                0x0000000000000020       0x30 ./Src/ADC_prog.o
 .debug_aranges
                0x0000000000000050       0x30 ./Src/DIO_prog.o
 .debug_aranges
                0x0000000000000080       0x48 ./Src/EXTI_program.o
 .debug_aranges
                0x00000000000000c8       0x68 ./Src/LCD_prg.o
 .debug_aranges
                0x0000000000000130       0x68 ./Src/NVIC_prog.o
 .debug_aranges
                0x0000000000000198       0x38 ./Src/RCC_program.o
 .debug_aranges
                0x00000000000001d0       0x28 ./Src/SSD_prog.o
 .debug_aranges
                0x00000000000001f8       0x58 ./Src/STK_program.o
 .debug_aranges
                0x0000000000000250       0x28 ./Startup/startup_stm32f103c8tx.o

.debug_ranges   0x0000000000000000      0x1e0
 .debug_ranges  0x0000000000000000       0x10 ./Src/ADC_main.o
 .debug_ranges  0x0000000000000010       0x20 ./Src/ADC_prog.o
 .debug_ranges  0x0000000000000030       0x20 ./Src/DIO_prog.o
 .debug_ranges  0x0000000000000050       0x38 ./Src/EXTI_program.o
 .debug_ranges  0x0000000000000088       0x58 ./Src/LCD_prg.o
 .debug_ranges  0x00000000000000e0       0x58 ./Src/NVIC_prog.o
 .debug_ranges  0x0000000000000138       0x28 ./Src/RCC_program.o
 .debug_ranges  0x0000000000000160       0x18 ./Src/SSD_prog.o
 .debug_ranges  0x0000000000000178       0x48 ./Src/STK_program.o
 .debug_ranges  0x00000000000001c0       0x20 ./Startup/startup_stm32f103c8tx.o

.debug_macro    0x0000000000000000     0x1185
 .debug_macro   0x0000000000000000       0x67 ./Src/ADC_main.o
 .debug_macro   0x0000000000000067      0xa72 ./Src/ADC_main.o
 .debug_macro   0x0000000000000ad9       0x10 ./Src/ADC_main.o
 .debug_macro   0x0000000000000ae9       0x22 ./Src/ADC_main.o
 .debug_macro   0x0000000000000b0b       0x34 ./Src/ADC_main.o
 .debug_macro   0x0000000000000b3f       0xe2 ./Src/ADC_main.o
 .debug_macro   0x0000000000000c21       0x40 ./Src/ADC_prog.o
 .debug_macro   0x0000000000000c61       0x10 ./Src/ADC_prog.o
 .debug_macro   0x0000000000000c71       0x35 ./Src/DIO_prog.o
 .debug_macro   0x0000000000000ca6       0x9a ./Src/DIO_prog.o
 .debug_macro   0x0000000000000d40       0x51 ./Src/EXTI_program.o
 .debug_macro   0x0000000000000d91       0x10 ./Src/EXTI_program.o
 .debug_macro   0x0000000000000da1       0x22 ./Src/EXTI_program.o
 .debug_macro   0x0000000000000dc3       0x70 ./Src/EXTI_program.o
 .debug_macro   0x0000000000000e33       0x10 ./Src/EXTI_program.o
 .debug_macro   0x0000000000000e43       0x22 ./Src/EXTI_program.o
 .debug_macro   0x0000000000000e65       0x10 ./Src/EXTI_program.o
 .debug_macro   0x0000000000000e75       0x48 ./Src/LCD_prg.o
 .debug_macro   0x0000000000000ebd       0x40 ./Src/LCD_prg.o
 .debug_macro   0x0000000000000efd       0x58 ./Src/LCD_prg.o
 .debug_macro   0x0000000000000f55       0x45 ./Src/NVIC_prog.o
 .debug_macro   0x0000000000000f9a       0x3e ./Src/RCC_program.o
 .debug_macro   0x0000000000000fd8       0x5e ./Src/RCC_program.o
 .debug_macro   0x0000000000001036       0x10 ./Src/RCC_program.o
 .debug_macro   0x0000000000001046       0x40 ./Src/SSD_prog.o
 .debug_macro   0x0000000000001086       0x88 ./Src/SSD_prog.o
 .debug_macro   0x000000000000110e       0x3f ./Src/STK_program.o
 .debug_macro   0x000000000000114d       0x28 ./Src/STK_program.o
 .debug_macro   0x0000000000001175       0x10 ./Src/STK_program.o

.debug_line     0x0000000000000000      0xf09
 .debug_line    0x0000000000000000      0x144 ./Src/ADC_main.o
 .debug_line    0x0000000000000144      0x11f ./Src/ADC_prog.o
 .debug_line    0x0000000000000263      0x200 ./Src/DIO_prog.o
 .debug_line    0x0000000000000463      0x156 ./Src/EXTI_program.o
 .debug_line    0x00000000000005b9      0x221 ./Src/LCD_prg.o
 .debug_line    0x00000000000007da      0x1ff ./Src/NVIC_prog.o
 .debug_line    0x00000000000009d9      0x132 ./Src/RCC_program.o
 .debug_line    0x0000000000000b0b      0x1ba ./Src/SSD_prog.o
 .debug_line    0x0000000000000cc5      0x1c0 ./Src/STK_program.o
 .debug_line    0x0000000000000e85       0x84 ./Startup/startup_stm32f103c8tx.o

.debug_str      0x0000000000000000     0x4545
 .debug_str     0x0000000000000000     0x31a0 ./Src/ADC_main.o
                                       0x31f2 (size before relaxing)
 .debug_str     0x00000000000031a0       0xc1 ./Src/ADC_prog.o
                                       0x2f06 (size before relaxing)
 .debug_str     0x0000000000003261      0x410 ./Src/DIO_prog.o
                                       0x3407 (size before relaxing)
 .debug_str     0x0000000000003671      0x3f0 ./Src/EXTI_program.o
                                       0x31a1 (size before relaxing)
 .debug_str     0x0000000000003a61      0x349 ./Src/LCD_prg.o
                                       0x3371 (size before relaxing)
 .debug_str     0x0000000000003daa      0x13f ./Src/NVIC_prog.o
                                       0x31cc (size before relaxing)
 .debug_str     0x0000000000003ee9      0x23f ./Src/RCC_program.o
                                       0x3091 (size before relaxing)
 .debug_str     0x0000000000004128      0x229 ./Src/SSD_prog.o
                                       0x31d8 (size before relaxing)
 .debug_str     0x0000000000004351      0x1c3 ./Src/STK_program.o
                                       0x2f89 (size before relaxing)
 .debug_str     0x0000000000004514       0x31 ./Startup/startup_stm32f103c8tx.o
                                         0x7b (size before relaxing)

.comment        0x0000000000000000       0x50
 .comment       0x0000000000000000       0x50 ./Src/ADC_main.o
                                         0x51 (size before relaxing)
 .comment       0x0000000000000050       0x51 ./Src/ADC_prog.o
 .comment       0x0000000000000050       0x51 ./Src/DIO_prog.o
 .comment       0x0000000000000050       0x51 ./Src/EXTI_program.o
 .comment       0x0000000000000050       0x51 ./Src/LCD_prg.o
 .comment       0x0000000000000050       0x51 ./Src/NVIC_prog.o
 .comment       0x0000000000000050       0x51 ./Src/RCC_program.o
 .comment       0x0000000000000050       0x51 ./Src/SSD_prog.o
 .comment       0x0000000000000050       0x51 ./Src/STK_program.o

.debug_frame    0x0000000000000000      0x77c
 .debug_frame   0x0000000000000000       0x2c ./Src/ADC_main.o
 .debug_frame   0x000000000000002c       0x7c ./Src/ADC_prog.o
 .debug_frame   0x00000000000000a8       0x88 ./Src/DIO_prog.o
 .debug_frame   0x0000000000000130       0xec ./Src/EXTI_program.o
 .debug_frame   0x000000000000021c      0x170 ./Src/LCD_prg.o
 .debug_frame   0x000000000000038c      0x18c ./Src/NVIC_prog.o
 .debug_frame   0x0000000000000518       0xa8 ./Src/RCC_program.o
 .debug_frame   0x00000000000005c0       0x54 ./Src/SSD_prog.o
 .debug_frame   0x0000000000000614      0x13c ./Src/STK_program.o
 .debug_frame   0x0000000000000750       0x2c c:/st/stm32cubeide_1.11.2/stm32cubeide/plugins/com.st.stm32cube.ide.mcu.externaltools.gnu-tools-for-stm32.10.3-2021.10.win32_1.0.100.202210260954/tools/bin/../lib/gcc/arm-none-eabi/10.3.1/../../../../arm-none-eabi/lib/thumb/v7-m/nofp\libc_nano.a(lib_a-init.o)
